hadoop@Abinesh:~$ mysql -u root -p
Enter password:
Welcome to the MySQL monitor.  Commands end with ; or \g.
Your MySQL connection id is 2
Server version: 5.7.42 MySQL Community Server (GPL)

Copyright (c) 2000, 2023, Oracle and/or its affiliates.

Oracle is a registered trademark of Oracle Corporation and/or its
affiliates. Other names may be trademarks of their respective
owners.

Type 'help;' or '\h' for help. Type '\c' to clear the current input statement.

mysql> create database capstone;
Query OK, 1 row affected (0.00 sec)

mysql> use capstone
Database changed
mysql> show tables;
Empty set (0.00 sec)

mysql> CREATE TABLE accident (
    ->     ID VARCHAR(255) PRIMARY KEY,
    ->     Source VARCHAR(50),
    ->     Severity INT,
    ->     Start_Time TIMESTAMP,
    ->     End    End_Time TIMESTAMP NULL, -- Make it nullable
    ->     Start_Lat DECIMAL(10, 6),
    ->     Start_Lng DECIMAL(10, 6),
    ->     End_Lat DECIMAL(10, 6),
    ->     End_Lng DECIMAL(10, 6),
    ->     Distance DECIMAL(10, 3),
    ->     Description VARCHAR(1000),
    ->     City VARCHAR(100),
    ->     County VARCHAR(100),
    ->     State VARCHAR(2),
    ->     Zipcode VARCHAR(10),
    ->     Country VARCHAR(2),
    ->     Weather_Condition VARCHAR(100)
    -> );
Query OK, 0 rows affected (0.04 sec)

mysql> LOAD DATA INFILE '~/accident.csv' INTO TABLE accident FIELDS TERMINATED BY ',' LINES TERMINATED BY '\n' IGNORE 1 LINES;
ERROR 1290 (HY000): The MySQL server is running with the --secure-file-priv option so it cannot execute this statement
mysql> LOAD DATA LOCAL INFILE '~/accident.csv' INTO TABLE accident
    -> FIELDS TERMINATED BY ',' LINES TERMINATED BY '\n' IGNORE 1 LINES;

Query OK, 100000 rows affected, 65535 warnings (4.47 sec)
Records: 100000  Deleted: 0  Skipped: 0  Warnings: 145369

mysql>
mysql> select * from accident limit 10;
+-----------+---------+----------+---------------------+---------------------+-----------+------------+----------+----------+----------+------------------------------------------------------------------------------------------------------+--------------+----------------+-------+------------+---------+-------------------+
| ID        | Source  | Severity | Start_Time          | End_Time
 | Start_Lat | Start_Lng  | End_Lat  | End_Lng  | Distance | Description
          | City         | County         | State | Zipcode    | Country | Weather_Condition |
+-----------+---------+----------+---------------------+---------------------+-----------+------------+----------+----------+----------+------------------------------------------------------------------------------------------------------+--------------+----------------+-------+------------+---------+-------------------+
| A-1000025 | Source3 |        2 | 2021-06-17 11:25:06 | 2021-06-17 13:10:17 | 40.596088 | -77.862389 | 0.000000 | 0.000000 |    0.000 | Lane blocked due to accident on PA-26 Standing Stone Rd both ways at Branch Rd.
          | Huntingdon   | Huntingdon     | PA    | 16652-5274 | US      | F             |
| A-1000045 | Source2 |        3 | 2021-06-17 19:19:22 | 2021-06-17 21:35:19 | 38.670273 | -77.251831 | 0.000000 | 0.000000 |    0.000 | Right outside lane closed due to accident on I-95 Northbound at VA-123 Gordon Blvd.                  | Woodbridge   | Prince William | VA    | 22191      | US      | F             |
| A-1000049 | Source2 |        2 | 2021-06-17 05:39:53 | 2021-06-17 06:48:00 | 39.809391 | -86.237572 | 0.000000 | 0.000000 |    0.000 | Accident on 30th St at Midvale Dr.
          | Indianapolis | Marion         | IN    | 46222-1504 | US      | F             |
| A-1000063 | Source2 |        3 | 2021-06-17 14:47:02 | 2021-06-17 15:50:00 | 38.176788 | -85.719193 | 0.000000 | 0.000000 |    0.000 | Two lanes blocked and right hand shoulder blocked due to accident on I-65 Northbound at Preston Hwy. | Louisville   | Jefferson      | KY    | 40213      | US      | F             |
| A-1000074 | Source2 |        3 | 2021-06-17 20:19:46 | 2021-06-17 21:54:41 | 41.578121 | -87.558441 | 0.000000 | 0.000000 |    0.000 | Lane blocked due to accident on I-94 Bishop Ford Fwy Westbound at I-294 Exit 161.
          | Lansing      | Cook           | IL    | 60438      | US      | P    | Cloudy
| A-1000124 | Source2 |        2 | 2021-06-17 13:45:12 | 2021-06-17 15:18:51 | 35.099632 | -85.228447 | 0.000000 | 0.000000 |    0.000 | Queueing traffic and left lane blocked due to accident on TN-153 Northbound at Exit 6 Amnicola Hwy.  | Chattanooga  | Hamilton       | TN    | 37406      | US      | P    | Cloudy
| A-1000264 | Source2 |        3 | 2021-06-17 17:15:11 | 2021-06-17 19:01:38 | 36.845512 | -76.252434 | 0.000000 | 0.000000 |    0.000 | Right lane closed due to accident on I-264 Westbound at Exit 12 Ballentine Blvd.
          | Norfolk      | Norfolk        | VA    | 23504      | US      | F             |
| A-1000425 | Source2 |        3 | 2021-06-17 17:49:08 | 2021-06-17 18:48:51 | 28.034218 | -82.454735 | 0.000000 | 0.000000 |    0.000 | Right lane blocked due to accident on I-275 Southbound after Exit 50 FL-580 Busch Blvd.              | Tampa        | Hillsborough   | FL    | 33612      | US      | C           |
| A-1000454 | Source3 |        2 | 2021-06-17 08:09:17 | 2021-06-17 09:06:40 | 34.553436 | -82.005821 | 0.000000 | 0.000000 |    0.000 | Accident on US-221 at I-385 Exit 9.
          | Laurens      | Laurens        | SC    | 29360      | US      | F             |
| A-1000496 | Source2 |        3 | 2021-06-17 16:51:24 | 2021-06-17 17:20:21 | 33.743622 | -84.382591 | 0.000000 | 0.000000 |    0.000 | One lane blocked due to accident on I-20 Westbound at I-75.
          | Atlanta      | Fulton         | GA    | 30312-2143 | US      | F             |
+-----------+---------+----------+---------------------+---------------------+-----------+------------+----------+----------+----------+------------------------------------------------------------------------------------------------------+--------------+----------------+-------+------------+---------+-------------------+
10 rows in set (0.01 sec)

mysql>